<html>
<body>
<pre>
<h1>µVision Build Log</h1>
<h2>Tool Versions:</h2>
IDE-Version: ¦ÌVision V5.26.2.0
Copyright (C) 2018 ARM Ltd and ARM Germany GmbH. All rights reserved.
License Information: cx c, N, LIC=----
 
Tool Versions:
Toolchain:       MDK-Lite  Version: 5.26.2.0
Toolchain Path:  D:\MDKARM\ARM\ARMCC\Bin
C Compiler:      Armcc.exe V5.06 update 6 (build 750)
Assembler:       Armasm.exe V5.06 update 6 (build 750)
Linker/Locator:  ArmLink.exe V5.06 update 6 (build 750)
Library Manager: ArmAr.exe V5.06 update 6 (build 750)
Hex Converter:   FromElf.exe V5.06 update 6 (build 750)
CPU DLL:         SARMCM3.DLL V5.26.2.0
Dialog DLL:      DARMCM1.DLL V1.19.1.0
Target DLL:      Segger\JL2CM3.dll V2.99.31.0
Dialog DLL:      TARMCM1.DLL V1.14.0.0
 
<h2>Project:</h2>
C:\Users\22922\Desktop\PY32F002B\MDK-ARM\PY32F002B.uvprojx
Project File Date:  08/12/2026

<h2>Output:</h2>
*** Using Compiler 'V5.06 update 6 (build 750)', folder: 'D:\MDKARM\ARM\ARMCC\Bin'
Build target 'Project'
assembling startup_py32f002bxx.s...
compiling py32f002b_hal.c...
compiling py32f002b_hal_iwdg.c...
compiling py32f002b_hal_msp.c...
compiling py32f002b_hal_adc.c...
compiling py32f002b_hal_flash.c...
compiling py32f002b_hal_pwr.c...
compiling py32f002b_hal_i2c.c...
compiling py32f002b_hal_exti.c...
compiling py32f002b_hal_gpio.c...
compiling py32f002b_hal_crc.c...
compiling py32f002b_hal_cortex.c...
compiling py32f002b_hal_lptim.c...
compiling system_py32f002b.c...
compiling py32f002b_hal_comp.c...
compiling py32f002b_hal_rcc.c...
compiling py32f002b_ll_adc.c...
compiling py32f002b_hal_rcc_ex.c...
compiling py32f002b_ll_comp.c...
compiling py32f002b_hal_spi.c...
compiling py32f002b_ll_crc.c...
compiling py32f002b_ll_exti.c...
compiling py32f002b_hal_tim.c...
compiling py32f002b_hal_tim_ex.c...
compiling py32f002b_ll_gpio.c...
compiling py32f002b_ll_i2c.c...
compiling py32f002b_hal_usart.c...
compiling py32f002b_ll_lptim.c...
compiling py32f002b_ll_pwr.c...
compiling py32f002b_ll_rcc.c...
compiling py32f002b_ll_spi.c...
compiling py32f002b_hal_uart.c...
compiling py32f002b_ll_usart.c...
compiling py32f002b_ll_tim.c...
compiling main.c...
compiling py32f002b_it.c...
compiling py32f002bxx_Start_Kit.c...
compiling py32f002b_ll_utils.c...
linking...
Program Size: Code=1340 RO-data=224 RW-data=16 ZI-data=1024  
FromELF: creating hex file...
".\Output\Project.axf" - 0 Error(s), 0 Warning(s).

<h2>Software Packages used:</h2>

Package Vendor: ARM
                http://www.keil.com/pack/ARM.CMSIS.5.4.0.pack
                ARM.CMSIS.5.4.0
                CMSIS (Cortex Microcontroller Software Interface Standard)
   * Component: CORE Version: 5.1.2

Package Vendor: Puya
                https://www.puyasemi.com/uploadfiles/Puya.PY32F0xx_DFP.1.2.19.pack
                Puya.PY32F0xx_DFP.1.2.19
                Puya PY32F0 Series Device Support

<h2>Collection of Component include folders:</h2>
  .\RTE\_Project
  D:\MDKARM\ARM\PACK\ARM\CMSIS\5.4.0\CMSIS\Core\Include
  D:\MDKARM\ARM\PACK\Puya\PY32F0xx_DFP\1.2.19\Drivers\CMSIS\Device\PY32F0xx\Include

<h2>Collection of Component Files used:</h2>

   * Component: ARM::CMSIS:CORE:5.1.2
Build Time Elapsed:  00:00:03
</pre>
</body>
</html>
